// Jest Snapshot v1, https://goo.gl/fbAQLP

exports[`should return file correct file 1`] = `
Array [
  "1: git init",
  "2: git commit",
  "3: git push",
  "4: git paid",
]
`;
